// Jest Snapshot v1, https://goo.gl/fbAQLP

exports[`Pruebas en JournalEntry Debe de mostrarse correctamente 1`] = `
<div
  className="journal__entry animate__animated animate__fadeIn"
  onClick={[Function]}
>
  <div
    className="journal__entry-picture"
    style={
      Object {
        "backgroundImage": "url(https://algunlugar.com/foto.jpg)",
      }
    }
  />
  <div
    className="journal__entry-body"
  >
    <p
      className="journal__entry-title"
    >
      hola
    </p>
    <p
      className="journal__entry-content"
    >
      mundo
    </p>
  </div>
  <div
    className="journal__entry-date-box"
  >
    <span>
      Wednesday
    </span>
    <h4>
      31
    </h4>
  </div>
</div>
`;
