// Jest Snapshot v1, https://goo.gl/fbAQLP

exports[`Pruebas en NoteSection Debe de mostrarse correctamente 1`] = `
<div
  className="notes__main-content animate__animated animate__fadeIn"
>
  <div
    className="notes__appbar"
  >
    <span>
      28 de Agosto de 2022
    </span>
    <input
      id="fileSelector"
      name="file"
      onChange={[Function]}
      style={
        Object {
          "display": "none",
        }
      }
      type="file"
    />
    <div>
      <button
        className="btn"
        onClick={[Function]}
      >
        Add picture
      </button>
      <button
        className="btn"
        onClick={[Function]}
      >
        Save
      </button>
    </div>
  </div>
  <div
    className="notes__content"
  >
    <input
      className="notes__title-input"
      name="title"
      onChange={[Function]}
      placeholder="Some awesome title"
      type="text"
      value="Hola"
    />
    <textarea
      className="notes__text-area"
      name="body"
      onChange={[Function]}
      placeholder="What happened today?"
      value="mundo"
    />
  </div>
  <button
    className="btn btn-danger"
    onClick={[Function]}
  >
    Delete
  </button>
</div>
`;
